
> Configure project :
Fabric Loom: 1.15.4

> Task :compileJava
> Task :processResources UP-TO-DATE
> Task :classes

> Task :compileClientJava
Note: Some input files use or override a deprecated API.
Note: Recompile with -Xlint:deprecation for details.

> Task :processClientResources UP-TO-DATE
> Task :jar
> Task :processIncludeJars UP-TO-DATE
> Task :sourcesJar
> Task :clientClasses
> Task :compileTestJava NO-SOURCE
> Task :processTestResources NO-SOURCE
> Task :testClasses UP-TO-DATE
> Task :test NO-SOURCE
> Task :validateAccessWidener NO-SOURCE
> Task :check UP-TO-DATE
> Task :remapSourcesJar
> Task :remapJar
> Task :assemble
> Task :build

[Incubating] Problems report is available at: file:///C:/Users/Public/Projects/Minecraft/mods/texture_editor/build/reports/problems/problems-report.html

Deprecated Gradle features were used in this build, making it incompatible with Gradle 10.

You can use '--warning-mode all' to show the individual deprecation warnings and determine if they come from your own scripts or plugins.

For more on this, please refer to https://docs.gradle.org/9.3.0/userguide/command_line_interface.html#sec:command_line_warnings in the Gradle documentation.

BUILD SUCCESSFUL in 3s
9 actionable tasks: 6 executed, 3 up-to-date
